// Vitest Snapshot v1

exports[`k-button > should work iwth \`test\` prop 1`] = `"--k-bezier: cubic-bezier(.4, 0, .2, 1); --k-bezier-ease-out: cubic-bezier(0, 0, .2, 1); --k-ripple-duration: .6s; --k-wave-opacity: 0.6; --k-opacity-disabled: 0.5; --k-font-weight: 400; --k-width: initial; --k-height: initial; --k-font-size: 14px; --k-padding: initial; --k-border-radius: initial; --k-icon-size: 18px; --k-icon-margin: 6px; --k-color: #0000; --k-color-hover: #0000; --k-border: none; --k-border-hover: none;"`;

exports[`k-button > show work with 'size' prop 1`] = `"--k-bezier: cubic-bezier(.4, 0, .2, 1); --k-bezier-ease-out: cubic-bezier(0, 0, .2, 1); --k-ripple-duration: .6s; --k-wave-opacity: 0.6; --k-opacity-disabled: 0.5; --k-font-weight: 400; --k-width: initial; --k-height: 22px; --k-font-size: 12px; --k-padding: 0 6px; --k-border-radius: 3px; --k-icon-size: 14px; --k-icon-margin: 6px; --k-color: #0000; --k-color-hover: #0000; --k-color-pressed: #0000; --k-border: 1px solid rgb(224, 224, 300);"`;

exports[`k-button > show work with 'size' prop 2`] = `"--k-bezier: cubic-bezier(.4, 0, .2, 1); --k-bezier-ease-out: cubic-bezier(0, 0, .2, 1); --k-ripple-duration: .6s; --k-wave-opacity: 0.6; --k-opacity-disabled: 0.5; --k-font-weight: 400; --k-width: initial; --k-height: 28px; --k-font-size: 14px; --k-padding: 0 10px; --k-border-radius: 3px; --k-icon-size: 18px; --k-icon-margin: 6px; --k-color: #0000; --k-color-hover: #0000; --k-color-pressed: #0000; --k-border: 1px solid rgb(224, 224, 300);"`;

exports[`k-button > show work with 'size' prop 3`] = `"--k-bezier: cubic-bezier(.4, 0, .2, 1); --k-bezier-ease-out: cubic-bezier(0, 0, .2, 1); --k-ripple-duration: .6s; --k-wave-opacity: 0.6; --k-opacity-disabled: 0.5; --k-font-weight: 400; --k-width: initial; --k-height: 34px; --k-font-size: 14px; --k-padding: 0 14px; --k-border-radius: 3px; --k-icon-size: 18px; --k-icon-margin: 6px; --k-color: #0000; --k-color-hover: #0000; --k-color-pressed: #0000; --k-border: 1px solid rgb(224, 224, 300);"`;

exports[`k-button > show work with 'size' prop 4`] = `"--k-bezier: cubic-bezier(.4, 0, .2, 1); --k-bezier-ease-out: cubic-bezier(0, 0, .2, 1); --k-ripple-duration: .6s; --k-wave-opacity: 0.6; --k-opacity-disabled: 0.5; --k-font-weight: 400; --k-width: initial; --k-height: 40px; --k-font-size: 15px; --k-padding: 0 18px; --k-border-radius: 3px; --k-icon-size: 20px; --k-icon-margin: 6px; --k-color: #0000; --k-color-hover: #0000; --k-color-pressed: #0000; --k-border: 1px solid rgb(224, 224, 300);"`;
